// Jest Snapshot v1, https://goo.gl/fbAQLP

exports[`Sql search supports type-specific filters 1`] = `"with \\"ts\\" as (select \\"t\\".\\"tx_uid\\" as \\"tx_uid\\", \\"t\\".\\"height\\" as \\"height\\", \\"addr\\".\\"address\\" as \\"sender\\", \\"addr\\".\\"public_key\\" as \\"sender_public_key\\", coalesce(a.asset_id,'POWERCHAIN') as \\"asset_id\\", \\"t\\".\\"attachment\\" as \\"attachment\\", t.amount * 10^(-coalesce(a.decimals, 8))::double precision as \\"amount\\", \\"t\\".\\"recipient_address_uid\\" as \\"recipient_address_uid\\", \\"t\\".\\"recipient_alias_uid\\" as \\"recipient_alias_uid\\", \\"t\\".\\"fee_asset_uid\\" as \\"fee_asset_uid\\" from (select * from \\"txs_4\\" as \\"t\\" where \\"asset_uid\\" = (select \\"uid\\" from \\"assets\\" where \\"asset_id\\" = 'someAssetID' limit 1) and \\"recipient_address_uid\\" = (select \\"uid\\" from \\"addresses\\" where \\"address\\" = 'recipient' limit 1)) as \\"t\\" left join (select \\"uid\\", \\"asset_id\\", \\"decimals\\" from \\"assets\\") as \\"a\\" on \\"a\\".\\"uid\\" = \\"t\\".\\"asset_uid\\" left join (select \\"uid\\", \\"address\\", \\"public_key\\" from \\"addresses\\") as \\"addr\\" on \\"addr\\".\\"uid\\" = \\"t\\".\\"sender_uid\\") select \\"t\\".\\"tx_uid\\" as \\"tx_uid\\", \\"t\\".\\"height\\" as \\"height\\", \\"txs\\".\\"tx_type\\" as \\"tx_type\\", \\"txs\\".\\"id\\" as \\"id\\", \\"txs\\".\\"time_stamp\\" as \\"time_stamp\\", \\"txs\\".\\"signature\\" as \\"signature\\", \\"txs\\".\\"proofs\\" as \\"proofs\\", \\"txs\\".\\"tx_version\\" as \\"tx_version\\", txs.fee * 10^(-coalesce(fa.decimals, 8))::double precision as \\"fee\\", \\"t\\".\\"sender\\" as \\"sender\\", \\"t\\".\\"sender_public_key\\" as \\"sender_public_key\\", \\"t\\".\\"asset_id\\" as \\"asset_id\\", \\"t\\".\\"amount\\" as \\"amount\\", coalesce(recipient_alias.alias, recipient_addr.address) as \\"recipient\\", coalesce(fa.asset_id, 'POWERCHAIN') as \\"fee_asset\\", \\"t\\".\\"attachment\\" as \\"attachment\\" from \\"ts\\" as \\"t\\" left join \\"txs\\" on \\"txs\\".\\"uid\\" = \\"t\\".\\"tx_uid\\" left join (select \\"uid\\", \\"asset_id\\", \\"decimals\\" from \\"assets\\") as \\"fa\\" on \\"fa\\".\\"uid\\" = \\"t\\".\\"fee_asset_uid\\" left join (select \\"uid\\", \\"address\\" from \\"addresses\\") as \\"recipient_addr\\" on \\"recipient_addr\\".\\"uid\\" = \\"t\\".\\"recipient_address_uid\\" left join (select \\"tx_uid\\", \\"alias\\" from \\"txs_10\\") as \\"recipient_alias\\" on \\"recipient_alias\\".\\"tx_uid\\" = \\"t\\".\\"recipient_alias_uid\\" order by \\"txs\\".\\"uid\\" asc"`;
